2026-07-14 17:54:32.967 +07:00 [WRN] No store type was specified for the decimal property 'TotalEarnings' on entity type 'Affiliate'. This will cause values to be silently truncated if they do not fit in the default precision and scale. Explicitly specify the SQL server column type that can accommodate all the values in 'OnModelCreating' using 'HasColumnType', specify precision and scale using 'HasPrecision', or configure a value converter using 'HasConversion'.
2026-07-14 17:54:39.727 +07:00 [INF] Detected FlowMate/SQL schema without EF history — applying compat layer and skipping MigrateAsync.
2026-07-14 17:54:39.814 +07:00 [INF] Executed DbCommand (23ms) [Parameters=[], CommandType='"Text"', CommandTimeout='30']
IF COL_LENGTH('dbo.Posts', 'ChannelAccountId') IS NULL
    ALTER TABLE dbo.Posts ADD ChannelAccountId UNIQUEIDENTIFIER NULL;
2026-07-14 17:54:39.836 +07:00 [INF] Executed DbCommand (2ms) [Parameters=[], CommandType='"Text"', CommandTimeout='30']
IF COL_LENGTH('dbo.Posts', 'ExternalPostId') IS NULL
    ALTER TABLE dbo.Posts ADD ExternalPostId NVARCHAR(128) NULL;
2026-07-14 17:54:39.843 +07:00 [INF] Executed DbCommand (2ms) [Parameters=[], CommandType='"Text"', CommandTimeout='30']
IF COL_LENGTH('dbo.Posts', 'PublishedUrl') IS NULL
    ALTER TABLE dbo.Posts ADD PublishedUrl NVARCHAR(1000) NULL;
2026-07-14 17:54:39.851 +07:00 [INF] Executed DbCommand (2ms) [Parameters=[], CommandType='"Text"', CommandTimeout='30']
IF COL_LENGTH('dbo.Posts', 'PublishedAt') IS NULL
    ALTER TABLE dbo.Posts ADD PublishedAt DATETIME2 NULL;
2026-07-14 17:54:39.856 +07:00 [INF] Executed DbCommand (1ms) [Parameters=[], CommandType='"Text"', CommandTimeout='30']
IF COL_LENGTH('dbo.PostSchedules', 'PostId') IS NULL
    ALTER TABLE dbo.PostSchedules ADD PostId UNIQUEIDENTIFIER NULL;
2026-07-14 17:54:39.993 +07:00 [INF] Executed DbCommand (5ms) [Parameters=[], CommandType='"Text"', CommandTimeout='30']
IF COL_LENGTH('dbo.PostSchedules', 'PostChannelAccountId') IS NOT NULL
   AND COLUMNPROPERTY(OBJECT_ID('dbo.PostSchedules'), 'PostChannelAccountId', 'AllowsNull') = 0
BEGIN
    ALTER TABLE dbo.PostSchedules ALTER COLUMN PostChannelAccountId UNIQUEIDENTIFIER NULL;
END
2026-07-14 17:54:40.026 +07:00 [INF] FlowMate EF compatibility layer applied.
2026-07-14 17:54:40.624 +07:00 [INF] Executed DbCommand (10ms) [Parameters=[], CommandType='"Text"', CommandTimeout='30']
SELECT CASE
    WHEN EXISTS (
        SELECT 1
        FROM [Roles] AS [r]
        WHERE [r].[IsDeleted] = CAST(0 AS bit)) THEN CAST(1 AS bit)
    ELSE CAST(0 AS bit)
END
2026-07-14 17:54:40.693 +07:00 [INF] Executed DbCommand (3ms) [Parameters=[], CommandType='"Text"', CommandTimeout='30']
SELECT CASE
    WHEN EXISTS (
        SELECT 1
        FROM [Permissions] AS [p]
        WHERE [p].[IsDeleted] = CAST(0 AS bit)) THEN CAST(1 AS bit)
    ELSE CAST(0 AS bit)
END
2026-07-14 17:54:40.724 +07:00 [INF] Executed DbCommand (11ms) [Parameters=[], CommandType='"Text"', CommandTimeout='30']
SELECT CASE
    WHEN EXISTS (
        SELECT 1
        FROM [RolePermissions] AS [r]
        WHERE [r].[IsDeleted] = CAST(0 AS bit) AND [r].[RoleId] = '33333333-3333-3333-3333-333333333333') THEN CAST(1 AS bit)
    ELSE CAST(0 AS bit)
END
2026-07-14 17:54:40.743 +07:00 [INF] Executed DbCommand (8ms) [Parameters=[], CommandType='"Text"', CommandTimeout='30']
SELECT CASE
    WHEN EXISTS (
        SELECT 1
        FROM [Plans] AS [p]
        WHERE [p].[IsDeleted] = CAST(0 AS bit)) THEN CAST(1 AS bit)
    ELSE CAST(0 AS bit)
END
2026-07-14 17:54:40.761 +07:00 [INF] Executed DbCommand (8ms) [Parameters=[], CommandType='"Text"', CommandTimeout='30']
SELECT CASE
    WHEN EXISTS (
        SELECT 1
        FROM [Channels] AS [c]
        WHERE [c].[IsDeleted] = CAST(0 AS bit)) THEN CAST(1 AS bit)
    ELSE CAST(0 AS bit)
END
2026-07-14 17:54:40.783 +07:00 [INF] Executed DbCommand (9ms) [Parameters=[], CommandType='"Text"', CommandTimeout='30']
SELECT CASE
    WHEN EXISTS (
        SELECT 1
        FROM [Settings] AS [s]
        WHERE [s].[IsDeleted] = CAST(0 AS bit)) THEN CAST(1 AS bit)
    ELSE CAST(0 AS bit)
END
2026-07-14 17:54:40.807 +07:00 [INF] Executed DbCommand (9ms) [Parameters=[], CommandType='"Text"', CommandTimeout='30']
SELECT CASE
    WHEN EXISTS (
        SELECT 1
        FROM [AiPrompts] AS [a]
        WHERE [a].[IsDeleted] = CAST(0 AS bit)) THEN CAST(1 AS bit)
    ELSE CAST(0 AS bit)
END
2026-07-14 17:54:40.833 +07:00 [INF] Executed DbCommand (7ms) [Parameters=[], CommandType='"Text"', CommandTimeout='30']
SELECT CASE
    WHEN EXISTS (
        SELECT 1
        FROM [AiPrompts] AS [a]
        WHERE [a].[IsDeleted] = CAST(0 AS bit) AND [a].[Name] = N'Facebook Fanpage Bán Hàng') THEN CAST(1 AS bit)
    ELSE CAST(0 AS bit)
END
2026-07-14 17:54:40.853 +07:00 [INF] Executed DbCommand (8ms) [Parameters=[], CommandType='"Text"', CommandTimeout='30']
SELECT CASE
    WHEN EXISTS (
        SELECT 1
        FROM [Users] AS [u]
        WHERE [u].[IsDeleted] = CAST(0 AS bit) AND [u].[Email] = N'admin@autowork.com') THEN CAST(1 AS bit)
    ELSE CAST(0 AS bit)
END
2026-07-14 17:54:40.887 +07:00 [INF] Executed DbCommand (9ms) [Parameters=[], CommandType='"Text"', CommandTimeout='30']
SELECT CASE
    WHEN EXISTS (
        SELECT 1
        FROM [Users] AS [u]
        WHERE [u].[IsDeleted] = CAST(0 AS bit) AND [u].[Email] = N'demo@autowork.com') THEN CAST(1 AS bit)
    ELSE CAST(0 AS bit)
END
2026-07-14 17:54:41.109 +07:00 [INF] Executed DbCommand (15ms) [Parameters=[], CommandType='"Text"', CommandTimeout='30']
SELECT CASE
    WHEN EXISTS (
        SELECT 1
        FROM [Projects] AS [p]
        WHERE [p].[IsDeleted] = CAST(0 AS bit) AND [p].[Id] = '13131313-1313-1313-1313-131313131313') THEN CAST(1 AS bit)
    ELSE CAST(0 AS bit)
END
2026-07-14 17:54:41.190 +07:00 [INF] Executed DbCommand (34ms) [Parameters=[], CommandType='"Text"', CommandTimeout='30']
SELECT CASE
    WHEN EXISTS (
        SELECT 1
        FROM [Posts] AS [p]
        WHERE [p].[IsDeleted] = CAST(0 AS bit) AND [p].[ProjectId] = '13131313-1313-1313-1313-131313131313') THEN CAST(1 AS bit)
    ELSE CAST(0 AS bit)
END
2026-07-14 17:54:41.301 +07:00 [INF] Database seed completed successfully.
2026-07-14 17:54:42.178 +07:00 [INF] Start installing Hangfire SQL objects...
2026-07-14 17:54:42.537 +07:00 [INF] Hangfire SQL objects installed.
2026-07-14 17:54:43.142 +07:00 [WRN] The WebRootPath was not found: D:\EXE01\AIMarketingAssistant\src\AutoWork.API\wwwroot. Static files may be unavailable.
2026-07-14 17:54:43.731 +07:00 [ERR] Hosting failed to start
System.IO.IOException: Failed to bind to address https://127.0.0.1:7165: address already in use.
 ---> Microsoft.AspNetCore.Connections.AddressInUseException: Only one usage of each socket address (protocol/network address/port) is normally permitted.
 ---> System.Net.Sockets.SocketException (10048): Only one usage of each socket address (protocol/network address/port) is normally permitted.
   at System.Net.Sockets.Socket.UpdateStatusAfterSocketErrorAndThrowException(SocketError error, Boolean disconnectOnFailure, String callerName)
   at System.Net.Sockets.Socket.DoBind(EndPoint endPointSnapshot, SocketAddress socketAddress)
   at System.Net.Sockets.Socket.Bind(EndPoint localEP)
   at Microsoft.AspNetCore.Server.Kestrel.Transport.Sockets.SocketTransportOptions.CreateDefaultBoundListenSocket(EndPoint endpoint)
   at Microsoft.AspNetCore.Server.Kestrel.Transport.Sockets.SocketConnectionListener.Bind()
   --- End of inner exception stack trace ---
   at Microsoft.AspNetCore.Server.Kestrel.Transport.Sockets.SocketConnectionListener.Bind()
   at Microsoft.AspNetCore.Server.Kestrel.Transport.Sockets.SocketTransportFactory.BindAsync(EndPoint endpoint, CancellationToken cancellationToken)
   at Microsoft.AspNetCore.Server.Kestrel.Core.Internal.Infrastructure.TransportManager.BindAsync(EndPoint endPoint, ConnectionDelegate connectionDelegate, EndpointConfig endpointConfig, CancellationToken cancellationToken)
   at Microsoft.AspNetCore.Server.Kestrel.Core.KestrelServerImpl.<>c__DisplayClass28_0`1.<<StartAsync>g__OnBind|0>d.MoveNext()
--- End of stack trace from previous location ---
   at Microsoft.AspNetCore.Server.Kestrel.Core.Internal.AddressBinder.BindEndpointAsync(ListenOptions endpoint, AddressBindContext context, CancellationToken cancellationToken)
   --- End of inner exception stack trace ---
   at Microsoft.AspNetCore.Server.Kestrel.Core.Internal.AddressBinder.BindEndpointAsync(ListenOptions endpoint, AddressBindContext context, CancellationToken cancellationToken)
   at Microsoft.AspNetCore.Server.Kestrel.Core.LocalhostListenOptions.BindAsync(AddressBindContext context, CancellationToken cancellationToken)
   at Microsoft.AspNetCore.Server.Kestrel.Core.Internal.AddressBinder.AddressesStrategy.BindAsync(AddressBindContext context, CancellationToken cancellationToken)
   at Microsoft.AspNetCore.Server.Kestrel.Core.Internal.AddressBinder.BindAsync(ListenOptions[] listenOptions, AddressBindContext context, Func`2 useHttps, CancellationToken cancellationToken)
   at Microsoft.AspNetCore.Server.Kestrel.Core.KestrelServerImpl.BindAsync(CancellationToken cancellationToken)
   at Microsoft.AspNetCore.Server.Kestrel.Core.KestrelServerImpl.StartAsync[TContext](IHttpApplication`1 application, CancellationToken cancellationToken)
   at Microsoft.AspNetCore.Hosting.GenericWebHostService.StartAsync(CancellationToken cancellationToken)
   at Microsoft.Extensions.Hosting.Internal.Host.<StartAsync>b__15_1(IHostedService service, CancellationToken token)
   at Microsoft.Extensions.Hosting.Internal.Host.ForeachService[T](IEnumerable`1 services, CancellationToken token, Boolean concurrent, Boolean abortOnFirstException, List`1 exceptions, Func`3 operation)
2026-07-14 17:58:31.708 +07:00 [WRN] No store type was specified for the decimal property 'TotalEarnings' on entity type 'Affiliate'. This will cause values to be silently truncated if they do not fit in the default precision and scale. Explicitly specify the SQL server column type that can accommodate all the values in 'OnModelCreating' using 'HasColumnType', specify precision and scale using 'HasPrecision', or configure a value converter using 'HasConversion'.
2026-07-14 17:58:32.392 +07:00 [INF] Detected FlowMate/SQL schema without EF history — applying compat layer and skipping MigrateAsync.
2026-07-14 17:58:32.431 +07:00 [INF] Executed DbCommand (13ms) [Parameters=[], CommandType='"Text"', CommandTimeout='30']
IF COL_LENGTH('dbo.Posts', 'ChannelAccountId') IS NULL
    ALTER TABLE dbo.Posts ADD ChannelAccountId UNIQUEIDENTIFIER NULL;
2026-07-14 17:58:32.437 +07:00 [INF] Executed DbCommand (2ms) [Parameters=[], CommandType='"Text"', CommandTimeout='30']
IF COL_LENGTH('dbo.Posts', 'ExternalPostId') IS NULL
    ALTER TABLE dbo.Posts ADD ExternalPostId NVARCHAR(128) NULL;
2026-07-14 17:58:32.439 +07:00 [INF] Executed DbCommand (1ms) [Parameters=[], CommandType='"Text"', CommandTimeout='30']
IF COL_LENGTH('dbo.Posts', 'PublishedUrl') IS NULL
    ALTER TABLE dbo.Posts ADD PublishedUrl NVARCHAR(1000) NULL;
2026-07-14 17:58:32.440 +07:00 [INF] Executed DbCommand (1ms) [Parameters=[], CommandType='"Text"', CommandTimeout='30']
IF COL_LENGTH('dbo.Posts', 'PublishedAt') IS NULL
    ALTER TABLE dbo.Posts ADD PublishedAt DATETIME2 NULL;
2026-07-14 17:58:32.444 +07:00 [INF] Executed DbCommand (3ms) [Parameters=[], CommandType='"Text"', CommandTimeout='30']
IF COL_LENGTH('dbo.PostSchedules', 'PostId') IS NULL
    ALTER TABLE dbo.PostSchedules ADD PostId UNIQUEIDENTIFIER NULL;
2026-07-14 17:58:32.446 +07:00 [INF] Executed DbCommand (2ms) [Parameters=[], CommandType='"Text"', CommandTimeout='30']
IF COL_LENGTH('dbo.PostSchedules', 'PostChannelAccountId') IS NOT NULL
   AND COLUMNPROPERTY(OBJECT_ID('dbo.PostSchedules'), 'PostChannelAccountId', 'AllowsNull') = 0
BEGIN
    ALTER TABLE dbo.PostSchedules ALTER COLUMN PostChannelAccountId UNIQUEIDENTIFIER NULL;
END
2026-07-14 17:58:32.447 +07:00 [INF] FlowMate EF compatibility layer applied.
2026-07-14 17:58:32.729 +07:00 [INF] Executed DbCommand (13ms) [Parameters=[], CommandType='"Text"', CommandTimeout='30']
SELECT CASE
    WHEN EXISTS (
        SELECT 1
        FROM [Roles] AS [r]
        WHERE [r].[IsDeleted] = CAST(0 AS bit)) THEN CAST(1 AS bit)
    ELSE CAST(0 AS bit)
END
2026-07-14 17:58:32.752 +07:00 [INF] Executed DbCommand (3ms) [Parameters=[], CommandType='"Text"', CommandTimeout='30']
SELECT CASE
    WHEN EXISTS (
        SELECT 1
        FROM [Permissions] AS [p]
        WHERE [p].[IsDeleted] = CAST(0 AS bit)) THEN CAST(1 AS bit)
    ELSE CAST(0 AS bit)
END
2026-07-14 17:58:32.765 +07:00 [INF] Executed DbCommand (3ms) [Parameters=[], CommandType='"Text"', CommandTimeout='30']
SELECT CASE
    WHEN EXISTS (
        SELECT 1
        FROM [RolePermissions] AS [r]
        WHERE [r].[IsDeleted] = CAST(0 AS bit) AND [r].[RoleId] = '33333333-3333-3333-3333-333333333333') THEN CAST(1 AS bit)
    ELSE CAST(0 AS bit)
END
2026-07-14 17:58:32.773 +07:00 [INF] Executed DbCommand (4ms) [Parameters=[], CommandType='"Text"', CommandTimeout='30']
SELECT CASE
    WHEN EXISTS (
        SELECT 1
        FROM [Plans] AS [p]
        WHERE [p].[IsDeleted] = CAST(0 AS bit)) THEN CAST(1 AS bit)
    ELSE CAST(0 AS bit)
END
2026-07-14 17:58:32.779 +07:00 [INF] Executed DbCommand (3ms) [Parameters=[], CommandType='"Text"', CommandTimeout='30']
SELECT CASE
    WHEN EXISTS (
        SELECT 1
        FROM [Channels] AS [c]
        WHERE [c].[IsDeleted] = CAST(0 AS bit)) THEN CAST(1 AS bit)
    ELSE CAST(0 AS bit)
END
2026-07-14 17:58:32.787 +07:00 [INF] Executed DbCommand (3ms) [Parameters=[], CommandType='"Text"', CommandTimeout='30']
SELECT CASE
    WHEN EXISTS (
        SELECT 1
        FROM [Settings] AS [s]
        WHERE [s].[IsDeleted] = CAST(0 AS bit)) THEN CAST(1 AS bit)
    ELSE CAST(0 AS bit)
END
2026-07-14 17:58:32.796 +07:00 [INF] Executed DbCommand (4ms) [Parameters=[], CommandType='"Text"', CommandTimeout='30']
SELECT CASE
    WHEN EXISTS (
        SELECT 1
        FROM [AiPrompts] AS [a]
        WHERE [a].[IsDeleted] = CAST(0 AS bit)) THEN CAST(1 AS bit)
    ELSE CAST(0 AS bit)
END
2026-07-14 17:58:32.803 +07:00 [INF] Executed DbCommand (3ms) [Parameters=[], CommandType='"Text"', CommandTimeout='30']
SELECT CASE
    WHEN EXISTS (
        SELECT 1
        FROM [AiPrompts] AS [a]
        WHERE [a].[IsDeleted] = CAST(0 AS bit) AND [a].[Name] = N'Facebook Fanpage Bán Hàng') THEN CAST(1 AS bit)
    ELSE CAST(0 AS bit)
END
2026-07-14 17:58:32.818 +07:00 [INF] Executed DbCommand (7ms) [Parameters=[], CommandType='"Text"', CommandTimeout='30']
SELECT CASE
    WHEN EXISTS (
        SELECT 1
        FROM [Users] AS [u]
        WHERE [u].[IsDeleted] = CAST(0 AS bit) AND [u].[Email] = N'admin@autowork.com') THEN CAST(1 AS bit)
    ELSE CAST(0 AS bit)
END
2026-07-14 17:58:32.828 +07:00 [INF] Executed DbCommand (3ms) [Parameters=[], CommandType='"Text"', CommandTimeout='30']
SELECT CASE
    WHEN EXISTS (
        SELECT 1
        FROM [Users] AS [u]
        WHERE [u].[IsDeleted] = CAST(0 AS bit) AND [u].[Email] = N'demo@autowork.com') THEN CAST(1 AS bit)
    ELSE CAST(0 AS bit)
END
2026-07-14 17:58:32.837 +07:00 [INF] Executed DbCommand (4ms) [Parameters=[], CommandType='"Text"', CommandTimeout='30']
SELECT CASE
    WHEN EXISTS (
        SELECT 1
        FROM [Projects] AS [p]
        WHERE [p].[IsDeleted] = CAST(0 AS bit) AND [p].[Id] = '13131313-1313-1313-1313-131313131313') THEN CAST(1 AS bit)
    ELSE CAST(0 AS bit)
END
2026-07-14 17:58:32.848 +07:00 [INF] Executed DbCommand (4ms) [Parameters=[], CommandType='"Text"', CommandTimeout='30']
SELECT CASE
    WHEN EXISTS (
        SELECT 1
        FROM [Posts] AS [p]
        WHERE [p].[IsDeleted] = CAST(0 AS bit) AND [p].[ProjectId] = '13131313-1313-1313-1313-131313131313') THEN CAST(1 AS bit)
    ELSE CAST(0 AS bit)
END
2026-07-14 17:58:32.871 +07:00 [INF] Database seed completed successfully.
2026-07-14 17:58:33.065 +07:00 [INF] Start installing Hangfire SQL objects...
2026-07-14 17:58:33.358 +07:00 [INF] Hangfire SQL objects installed.
2026-07-14 17:58:33.581 +07:00 [WRN] The WebRootPath was not found: D:\EXE01\AIMarketingAssistant\src\AutoWork.API\wwwroot. Static files may be unavailable.
2026-07-14 17:58:33.644 +07:00 [INF] Now listening on: https://localhost:7165
2026-07-14 17:58:33.651 +07:00 [INF] Starting Hangfire Server using job storage: 'SQL Server: localhost@FlowMateDB'
2026-07-14 17:58:33.652 +07:00 [INF] Using the following options for SQL Server job storage: Queue poll interval: 00:00:15.
2026-07-14 17:58:33.652 +07:00 [INF] Using the following options for Hangfire Server:
    Worker count: 20
    Listening queues: 'default'
    Shutdown timeout: 00:00:15
    Schedule polling interval: 00:00:15
2026-07-14 17:58:33.661 +07:00 [INF] Application started. Press Ctrl+C to shut down.
2026-07-14 17:58:33.662 +07:00 [INF] Hosting environment: Development
2026-07-14 17:58:33.662 +07:00 [INF] Content root path: D:\EXE01\AIMarketingAssistant\src\AutoWork.API
2026-07-14 17:58:33.684 +07:00 [INF] Server laptop-g044c7b0:13136:31151908 successfully announced in 19.6173 ms
2026-07-14 17:58:33.688 +07:00 [INF] Server laptop-g044c7b0:13136:31151908 is starting the registered dispatchers: ServerWatchdog, ServerJobCancellationWatcher, ExpirationManager, CountersAggregator, SqlServerHeartbeatProcess, Worker, DelayedJobScheduler, RecurringJobScheduler...
2026-07-14 17:58:33.702 +07:00 [INF] Server laptop-g044c7b0:13136:31151908 all the dispatchers started
2026-07-14 17:58:34.155 +07:00 [INF] Executed DbCommand (13ms) [Parameters=[@__before_0='?' (DbType = DateTime2)], CommandType='"Text"', CommandTimeout='30']
SELECT [p].[Id], [p].[CreatedAt], [p].[CreatedBy], [p].[ExecutedAt], [p].[FailureReason], [p].[IsDeleted], [p].[PostChannelAccountId], [p].[PostId], [p].[RetryCount], [p].[ScheduledAt], [p].[Status], [p].[UpdatedAt], [p].[UpdatedBy], [t].[Id], [t].[ChannelAccountId], [t].[CreatedAt], [t].[CreatedBy], [t].[ExternalPostId], [t].[IsDeleted], [t].[ProjectId], [t].[PublishedAt], [t].[PublishedUrl], [t].[ScheduledAt], [t].[Status], [t].[TimelineId], [t].[Title], [t].[UpdatedAt], [t].[UpdatedBy], [t0].[Id], [t0].[Content], [t0].[ContentType], [t0].[CreatedAt], [t0].[CreatedBy], [t0].[IsDeleted], [t0].[MediaFileId], [t0].[PostId], [t0].[SortOrder], [t0].[UpdatedAt], [t0].[UpdatedBy]
FROM [PostSchedules] AS [p]
INNER JOIN (
    SELECT [p0].[Id], [p0].[ChannelAccountId], [p0].[CreatedAt], [p0].[CreatedBy], [p0].[ExternalPostId], [p0].[IsDeleted], [p0].[ProjectId], [p0].[PublishedAt], [p0].[PublishedUrl], [p0].[ScheduledAt], [p0].[Status], [p0].[TimelineId], [p0].[Title], [p0].[UpdatedAt], [p0].[UpdatedBy]
    FROM [Posts] AS [p0]
    WHERE [p0].[IsDeleted] = CAST(0 AS bit)
) AS [t] ON [p].[PostId] = [t].[Id]
LEFT JOIN (
    SELECT [p1].[Id], [p1].[Content], [p1].[ContentType], [p1].[CreatedAt], [p1].[CreatedBy], [p1].[IsDeleted], [p1].[MediaFileId], [p1].[PostId], [p1].[SortOrder], [p1].[UpdatedAt], [p1].[UpdatedBy]
    FROM [PostContents] AS [p1]
    WHERE [p1].[IsDeleted] = CAST(0 AS bit)
) AS [t0] ON [t].[Id] = [t0].[PostId]
WHERE [p].[IsDeleted] = CAST(0 AS bit) AND [p].[Status] = 0 AND [p].[ScheduledAt] <= @__before_0
ORDER BY [p].[ScheduledAt], [p].[Id], [t].[Id]
2026-07-14 17:59:03.967 +07:00 [INF] Executed DbCommand (7ms) [Parameters=[@__before_0='?' (DbType = DateTime2)], CommandType='"Text"', CommandTimeout='30']
SELECT [p].[Id], [p].[CreatedAt], [p].[CreatedBy], [p].[ExecutedAt], [p].[FailureReason], [p].[IsDeleted], [p].[PostChannelAccountId], [p].[PostId], [p].[RetryCount], [p].[ScheduledAt], [p].[Status], [p].[UpdatedAt], [p].[UpdatedBy], [t].[Id], [t].[ChannelAccountId], [t].[CreatedAt], [t].[CreatedBy], [t].[ExternalPostId], [t].[IsDeleted], [t].[ProjectId], [t].[PublishedAt], [t].[PublishedUrl], [t].[ScheduledAt], [t].[Status], [t].[TimelineId], [t].[Title], [t].[UpdatedAt], [t].[UpdatedBy], [t0].[Id], [t0].[Content], [t0].[ContentType], [t0].[CreatedAt], [t0].[CreatedBy], [t0].[IsDeleted], [t0].[MediaFileId], [t0].[PostId], [t0].[SortOrder], [t0].[UpdatedAt], [t0].[UpdatedBy]
FROM [PostSchedules] AS [p]
INNER JOIN (
    SELECT [p0].[Id], [p0].[ChannelAccountId], [p0].[CreatedAt], [p0].[CreatedBy], [p0].[ExternalPostId], [p0].[IsDeleted], [p0].[ProjectId], [p0].[PublishedAt], [p0].[PublishedUrl], [p0].[ScheduledAt], [p0].[Status], [p0].[TimelineId], [p0].[Title], [p0].[UpdatedAt], [p0].[UpdatedBy]
    FROM [Posts] AS [p0]
    WHERE [p0].[IsDeleted] = CAST(0 AS bit)
) AS [t] ON [p].[PostId] = [t].[Id]
LEFT JOIN (
    SELECT [p1].[Id], [p1].[Content], [p1].[ContentType], [p1].[CreatedAt], [p1].[CreatedBy], [p1].[IsDeleted], [p1].[MediaFileId], [p1].[PostId], [p1].[SortOrder], [p1].[UpdatedAt], [p1].[UpdatedBy]
    FROM [PostContents] AS [p1]
    WHERE [p1].[IsDeleted] = CAST(0 AS bit)
) AS [t0] ON [t].[Id] = [t0].[PostId]
WHERE [p].[IsDeleted] = CAST(0 AS bit) AND [p].[Status] = 0 AND [p].[ScheduledAt] <= @__before_0
ORDER BY [p].[ScheduledAt], [p].[Id], [t].[Id]
2026-07-14 17:59:31.015 +07:00 [INF] HTTP GET /api/auth/social/config started
2026-07-14 17:59:31.160 +07:00 [INF] HTTP GET /api/auth/social/config responded 200 in 147.3649ms
2026-07-14 18:00:03.981 +07:00 [INF] Executed DbCommand (8ms) [Parameters=[@__before_0='?' (DbType = DateTime2)], CommandType='"Text"', CommandTimeout='30']
SELECT [p].[Id], [p].[CreatedAt], [p].[CreatedBy], [p].[ExecutedAt], [p].[FailureReason], [p].[IsDeleted], [p].[PostChannelAccountId], [p].[PostId], [p].[RetryCount], [p].[ScheduledAt], [p].[Status], [p].[UpdatedAt], [p].[UpdatedBy], [t].[Id], [t].[ChannelAccountId], [t].[CreatedAt], [t].[CreatedBy], [t].[ExternalPostId], [t].[IsDeleted], [t].[ProjectId], [t].[PublishedAt], [t].[PublishedUrl], [t].[ScheduledAt], [t].[Status], [t].[TimelineId], [t].[Title], [t].[UpdatedAt], [t].[UpdatedBy], [t0].[Id], [t0].[Content], [t0].[ContentType], [t0].[CreatedAt], [t0].[CreatedBy], [t0].[IsDeleted], [t0].[MediaFileId], [t0].[PostId], [t0].[SortOrder], [t0].[UpdatedAt], [t0].[UpdatedBy]
FROM [PostSchedules] AS [p]
INNER JOIN (
    SELECT [p0].[Id], [p0].[ChannelAccountId], [p0].[CreatedAt], [p0].[CreatedBy], [p0].[ExternalPostId], [p0].[IsDeleted], [p0].[ProjectId], [p0].[PublishedAt], [p0].[PublishedUrl], [p0].[ScheduledAt], [p0].[Status], [p0].[TimelineId], [p0].[Title], [p0].[UpdatedAt], [p0].[UpdatedBy]
    FROM [Posts] AS [p0]
    WHERE [p0].[IsDeleted] = CAST(0 AS bit)
) AS [t] ON [p].[PostId] = [t].[Id]
LEFT JOIN (
    SELECT [p1].[Id], [p1].[Content], [p1].[ContentType], [p1].[CreatedAt], [p1].[CreatedBy], [p1].[IsDeleted], [p1].[MediaFileId], [p1].[PostId], [p1].[SortOrder], [p1].[UpdatedAt], [p1].[UpdatedBy]
    FROM [PostContents] AS [p1]
    WHERE [p1].[IsDeleted] = CAST(0 AS bit)
) AS [t0] ON [t].[Id] = [t0].[PostId]
WHERE [p].[IsDeleted] = CAST(0 AS bit) AND [p].[Status] = 0 AND [p].[ScheduledAt] <= @__before_0
ORDER BY [p].[ScheduledAt], [p].[Id], [t].[Id]
2026-07-14 18:01:20.380 +07:00 [WRN] No store type was specified for the decimal property 'TotalEarnings' on entity type 'Affiliate'. This will cause values to be silently truncated if they do not fit in the default precision and scale. Explicitly specify the SQL server column type that can accommodate all the values in 'OnModelCreating' using 'HasColumnType', specify precision and scale using 'HasPrecision', or configure a value converter using 'HasConversion'.
2026-07-14 18:01:22.476 +07:00 [INF] Detected FlowMate/SQL schema without EF history — applying compat layer and skipping MigrateAsync.
2026-07-14 18:01:22.578 +07:00 [INF] Executed DbCommand (43ms) [Parameters=[], CommandType='"Text"', CommandTimeout='30']
IF COL_LENGTH('dbo.Posts', 'ChannelAccountId') IS NULL
    ALTER TABLE dbo.Posts ADD ChannelAccountId UNIQUEIDENTIFIER NULL;
2026-07-14 18:01:22.715 +07:00 [INF] Executed DbCommand (4ms) [Parameters=[], CommandType='"Text"', CommandTimeout='30']
IF COL_LENGTH('dbo.Posts', 'ExternalPostId') IS NULL
    ALTER TABLE dbo.Posts ADD ExternalPostId NVARCHAR(128) NULL;
2026-07-14 18:01:22.721 +07:00 [INF] Executed DbCommand (2ms) [Parameters=[], CommandType='"Text"', CommandTimeout='30']
IF COL_LENGTH('dbo.Posts', 'PublishedUrl') IS NULL
    ALTER TABLE dbo.Posts ADD PublishedUrl NVARCHAR(1000) NULL;
2026-07-14 18:01:22.731 +07:00 [INF] Executed DbCommand (6ms) [Parameters=[], CommandType='"Text"', CommandTimeout='30']
IF COL_LENGTH('dbo.Posts', 'PublishedAt') IS NULL
    ALTER TABLE dbo.Posts ADD PublishedAt DATETIME2 NULL;
2026-07-14 18:01:22.751 +07:00 [INF] Executed DbCommand (16ms) [Parameters=[], CommandType='"Text"', CommandTimeout='30']
IF COL_LENGTH('dbo.PostSchedules', 'PostId') IS NULL
    ALTER TABLE dbo.PostSchedules ADD PostId UNIQUEIDENTIFIER NULL;
2026-07-14 18:01:22.769 +07:00 [INF] Executed DbCommand (1ms) [Parameters=[], CommandType='"Text"', CommandTimeout='30']
IF COL_LENGTH('dbo.PostSchedules', 'PostChannelAccountId') IS NOT NULL
   AND COLUMNPROPERTY(OBJECT_ID('dbo.PostSchedules'), 'PostChannelAccountId', 'AllowsNull') = 0
BEGIN
    ALTER TABLE dbo.PostSchedules ALTER COLUMN PostChannelAccountId UNIQUEIDENTIFIER NULL;
END
2026-07-14 18:01:22.795 +07:00 [INF] FlowMate EF compatibility layer applied.
2026-07-14 18:01:23.509 +07:00 [INF] Executed DbCommand (18ms) [Parameters=[], CommandType='"Text"', CommandTimeout='30']
SELECT CASE
    WHEN EXISTS (
        SELECT 1
        FROM [Roles] AS [r]
        WHERE [r].[IsDeleted] = CAST(0 AS bit)) THEN CAST(1 AS bit)
    ELSE CAST(0 AS bit)
END
2026-07-14 18:01:23.572 +07:00 [INF] Executed DbCommand (10ms) [Parameters=[], CommandType='"Text"', CommandTimeout='30']
SELECT CASE
    WHEN EXISTS (
        SELECT 1
        FROM [Permissions] AS [p]
        WHERE [p].[IsDeleted] = CAST(0 AS bit)) THEN CAST(1 AS bit)
    ELSE CAST(0 AS bit)
END
2026-07-14 18:01:23.621 +07:00 [INF] Executed DbCommand (24ms) [Parameters=[], CommandType='"Text"', CommandTimeout='30']
SELECT CASE
    WHEN EXISTS (
        SELECT 1
        FROM [RolePermissions] AS [r]
        WHERE [r].[IsDeleted] = CAST(0 AS bit) AND [r].[RoleId] = '33333333-3333-3333-3333-333333333333') THEN CAST(1 AS bit)
    ELSE CAST(0 AS bit)
END
2026-07-14 18:01:23.659 +07:00 [INF] Executed DbCommand (24ms) [Parameters=[], CommandType='"Text"', CommandTimeout='30']
SELECT CASE
    WHEN EXISTS (
        SELECT 1
        FROM [Plans] AS [p]
        WHERE [p].[IsDeleted] = CAST(0 AS bit)) THEN CAST(1 AS bit)
    ELSE CAST(0 AS bit)
END
2026-07-14 18:01:23.685 +07:00 [INF] Executed DbCommand (11ms) [Parameters=[], CommandType='"Text"', CommandTimeout='30']
SELECT CASE
    WHEN EXISTS (
        SELECT 1
        FROM [Channels] AS [c]
        WHERE [c].[IsDeleted] = CAST(0 AS bit)) THEN CAST(1 AS bit)
    ELSE CAST(0 AS bit)
END
2026-07-14 18:01:23.754 +07:00 [INF] Executed DbCommand (30ms) [Parameters=[], CommandType='"Text"', CommandTimeout='30']
SELECT CASE
    WHEN EXISTS (
        SELECT 1
        FROM [Settings] AS [s]
        WHERE [s].[IsDeleted] = CAST(0 AS bit)) THEN CAST(1 AS bit)
    ELSE CAST(0 AS bit)
END
2026-07-14 18:01:24.296 +07:00 [INF] Executed DbCommand (26ms) [Parameters=[], CommandType='"Text"', CommandTimeout='30']
SELECT CASE
    WHEN EXISTS (
        SELECT 1
        FROM [AiPrompts] AS [a]
        WHERE [a].[IsDeleted] = CAST(0 AS bit)) THEN CAST(1 AS bit)
    ELSE CAST(0 AS bit)
END
2026-07-14 18:01:24.326 +07:00 [INF] Executed DbCommand (7ms) [Parameters=[], CommandType='"Text"', CommandTimeout='30']
SELECT CASE
    WHEN EXISTS (
        SELECT 1
        FROM [AiPrompts] AS [a]
        WHERE [a].[IsDeleted] = CAST(0 AS bit) AND [a].[Name] = N'Facebook Fanpage Bán Hàng') THEN CAST(1 AS bit)
    ELSE CAST(0 AS bit)
END
2026-07-14 18:01:24.377 +07:00 [INF] Executed DbCommand (35ms) [Parameters=[], CommandType='"Text"', CommandTimeout='30']
SELECT CASE
    WHEN EXISTS (
        SELECT 1
        FROM [Users] AS [u]
        WHERE [u].[IsDeleted] = CAST(0 AS bit) AND [u].[Email] = N'admin@autowork.com') THEN CAST(1 AS bit)
    ELSE CAST(0 AS bit)
END
2026-07-14 18:01:24.662 +07:00 [INF] Executed DbCommand (15ms) [Parameters=[], CommandType='"Text"', CommandTimeout='30']
SELECT CASE
    WHEN EXISTS (
        SELECT 1
        FROM [Users] AS [u]
        WHERE [u].[IsDeleted] = CAST(0 AS bit) AND [u].[Email] = N'demo@autowork.com') THEN CAST(1 AS bit)
    ELSE CAST(0 AS bit)
END
2026-07-14 18:01:24.725 +07:00 [INF] Executed DbCommand (20ms) [Parameters=[], CommandType='"Text"', CommandTimeout='30']
SELECT CASE
    WHEN EXISTS (
        SELECT 1
        FROM [Projects] AS [p]
        WHERE [p].[IsDeleted] = CAST(0 AS bit) AND [p].[Id] = '13131313-1313-1313-1313-131313131313') THEN CAST(1 AS bit)
    ELSE CAST(0 AS bit)
END
2026-07-14 18:01:24.754 +07:00 [INF] Executed DbCommand (12ms) [Parameters=[], CommandType='"Text"', CommandTimeout='30']
SELECT CASE
    WHEN EXISTS (
        SELECT 1
        FROM [Posts] AS [p]
        WHERE [p].[IsDeleted] = CAST(0 AS bit) AND [p].[ProjectId] = '13131313-1313-1313-1313-131313131313') THEN CAST(1 AS bit)
    ELSE CAST(0 AS bit)
END
2026-07-14 18:01:24.811 +07:00 [INF] Database seed completed successfully.
2026-07-14 18:01:25.194 +07:00 [INF] Start installing Hangfire SQL objects...
2026-07-14 18:01:25.505 +07:00 [INF] Hangfire SQL objects installed.
